4»s   /r‘                0C0               ‚“(              ‚“T           K   ‚“É           z